[2021-04-11T19:30:26.679+0900][0.009s] Using Concurrent Mark Sweep
[2021-04-11T19:30:26.679+0900][0.009s] Heap address: 0x00000000e0000000, size: 512 MB, Compressed Oops mode: 32-bit
[2021-04-11T19:30:27.720+0900][1.050s] GC(0) Pause Young (Allocation Failure)
[2021-04-11T19:30:27.721+0900][1.051s] GC(0) Using 4 workers of 4 for evacuation
[2021-04-11T19:30:27.731+0900][1.061s] GC(0) ParNew: 87424K->10295K(109248K)
[2021-04-11T19:30:27.731+0900][1.061s] GC(0) CMS: 0K->0K(393216K)
[2021-04-11T19:30:27.731+0900][1.061s] GC(0) Metaspace: 14665K->14665K(1062912K)
[2021-04-11T19:30:27.731+0900][1.061s] GC(0) Pause Young (Allocation Failure) 85M->10M(490M) 11.566ms
[2021-04-11T19:30:27.731+0900][1.062s] GC(0) User=0.00s Sys=0.00s Real=0.01s
[2021-04-11T19:30:28.489+0900][1.819s] GC(1) Pause Young (Allocation Failure)
[2021-04-11T19:30:28.489+0900][1.819s] GC(1) Using 4 workers of 4 for evacuation
[2021-04-11T19:30:28.498+0900][1.828s] GC(1) ParNew: 97719K->15630K(109248K)
[2021-04-11T19:30:28.498+0900][1.828s] GC(1) CMS: 0K->0K(393216K)
[2021-04-11T19:30:28.498+0900][1.828s] GC(1) Metaspace: 23969K->23969K(1071104K)
[2021-04-11T19:30:28.498+0900][1.828s] GC(1) Pause Young (Allocation Failure) 95M->15M(490M) 9.589ms
[2021-04-11T19:30:28.498+0900][1.828s] GC(1) User=0.00s Sys=0.00s Real=0.01s
[2021-04-11T19:30:28.498+0900][1.828s] GC(2) Pause Initial Mark
[2021-04-11T19:30:28.500+0900][1.830s] GC(2) Pause Initial Mark 16M->16M(490M) 1.367ms
[2021-04-11T19:30:28.500+0900][1.830s] GC(2) User=0.07s Sys=0.00s Real=0.00s
[2021-04-11T19:30:28.500+0900][1.830s] GC(2) Concurrent Mark
[2021-04-11T19:30:28.501+0900][1.831s] GC(2) Using 4 workers of 4 for marking
[2021-04-11T19:30:28.501+0900][1.831s] GC(2) Concurrent Mark 1.079ms
[2021-04-11T19:30:28.501+0900][1.831s] GC(2) User=0.00s Sys=0.00s Real=0.00s
[2021-04-11T19:30:28.501+0900][1.831s] GC(2) Concurrent Preclean
[2021-04-11T19:30:28.502+0900][1.832s] GC(2) Concurrent Preclean 0.836ms
[2021-04-11T19:30:28.502+0900][1.832s] GC(2) User=0.00s Sys=0.00s Real=0.01s
[2021-04-11T19:30:28.502+0900][1.832s] GC(2) Pause Remark
[2021-04-11T19:30:28.502+0900][1.832s] GC(3) Pause Young (CMS Final Remark)
[2021-04-11T19:30:28.502+0900][1.832s] GC(3) Using 4 workers of 4 for evacuation
[2021-04-11T19:30:28.507+0900][1.837s] GC(3) ParNew: 17229K->17012K(109248K)
[2021-04-11T19:30:28.507+0900][1.837s] GC(3) CMS: 0K->0K(393216K)
[2021-04-11T19:30:28.507+0900][1.837s] GC(3) Metaspace: 23991K->23991K(1071104K)
[2021-04-11T19:30:28.507+0900][1.837s] GC(3) Pause Young (CMS Final Remark) 16M->16M(490M) 5.025ms
[2021-04-11T19:30:28.507+0900][1.837s] GC(3) User=0.00s Sys=0.00s Real=0.00s
[2021-04-11T19:30:28.512+0900][1.842s] GC(2) Pause Remark 16M->16M(490M) 9.329ms
[2021-04-11T19:30:28.512+0900][1.842s] GC(2) User=0.00s Sys=0.00s Real=0.00s
[2021-04-11T19:30:28.512+0900][1.842s] GC(2) Concurrent Sweep
[2021-04-11T19:30:28.512+0900][1.842s] GC(2) Concurrent Sweep 0.189ms
[2021-04-11T19:30:28.512+0900][1.842s] GC(2) User=0.00s Sys=0.00s Real=0.00s
[2021-04-11T19:30:28.512+0900][1.842s] GC(2) Concurrent Reset
[2021-04-11T19:30:28.517+0900][1.847s] GC(2) Concurrent Reset 5.034ms
[2021-04-11T19:30:28.517+0900][1.847s] GC(2) User=0.01s Sys=0.01s Real=0.00s
[2021-04-11T19:30:28.517+0900][1.847s] GC(2) Old: 0K->0K(393216K)
[2021-04-11T20:44:59.858+0900][4473.188s] GC(4) Pause Young (Allocation Failure)
[2021-04-11T20:44:59.858+0900][4473.188s] GC(4) Using 4 workers of 4 for evacuation
[2021-04-11T20:44:59.871+0900][4473.201s] GC(4) ParNew: 104436K->21824K(109248K)
[2021-04-11T20:44:59.871+0900][4473.202s] GC(4) CMS: 0K->59K(393216K)
[2021-04-11T20:44:59.872+0900][4473.202s] GC(4) Metaspace: 29651K->29651K(1077248K)
[2021-04-11T20:44:59.872+0900][4473.202s] GC(4) Pause Young (Allocation Failure) 101M->21M(490M) 13.447ms
[2021-04-11T20:44:59.872+0900][4473.202s] GC(4) User=0.07s Sys=0.00s Real=0.01s
[2021-04-11T20:45:00.166+0900][4473.496s] GC(5) Pause Young (Allocation Failure)
[2021-04-11T20:45:00.166+0900][4473.496s] GC(5) Using 4 workers of 4 for evacuation
[2021-04-11T20:45:00.180+0900][4473.510s] GC(5) ParNew: 109248K->21824K(109248K)
[2021-04-11T20:45:00.180+0900][4473.510s] GC(5) CMS: 59K->2025K(393216K)
[2021-04-11T20:45:00.180+0900][4473.510s] GC(5) Metaspace: 31394K->31394K(1077248K)
[2021-04-11T20:45:00.180+0900][4473.510s] GC(5) Pause Young (Allocation Failure) 106M->23M(490M) 14.920ms
[2021-04-11T20:45:00.181+0900][4473.511s] GC(5) User=0.03s Sys=0.00s Real=0.01s
[2021-04-11T20:45:00.507+0900][4473.837s] GC(6) Pause Young (Allocation Failure)
[2021-04-11T20:45:00.507+0900][4473.837s] GC(6) Using 4 workers of 4 for evacuation
[2021-04-11T20:45:00.523+0900][4473.853s] GC(6) ParNew: 109248K->21824K(109248K)
[2021-04-11T20:45:00.524+0900][4473.854s] GC(6) CMS: 2025K->2086K(393216K)
[2021-04-11T20:45:00.524+0900][4473.854s] GC(6) Metaspace: 32922K->32922K(1079296K)
[2021-04-11T20:45:00.524+0900][4473.854s] GC(6) Pause Young (Allocation Failure) 108M->23M(490M) 16.426ms
[2021-04-11T20:45:00.524+0900][4473.854s] GC(6) User=0.15s Sys=0.00s Real=0.02s
[2021-04-11T20:45:01.205+0900][4474.535s] GC(7) Pause Young (Allocation Failure)
[2021-04-11T20:45:01.205+0900][4474.535s] GC(7) Using 4 workers of 4 for evacuation
[2021-04-11T20:45:01.222+0900][4474.553s] GC(7) ParNew: 109248K->21824K(109248K)
[2021-04-11T20:45:01.223+0900][4474.553s] GC(7) CMS: 2086K->4162K(393216K)
[2021-04-11T20:45:01.223+0900][4474.553s] GC(7) Metaspace: 38340K->38340K(1083392K)
[2021-04-11T20:45:01.223+0900][4474.553s] GC(7) Pause Young (Allocation Failure) 108M->25M(490M) 17.199ms
[2021-04-11T20:45:01.223+0900][4474.553s] GC(7) User=0.09s Sys=0.00s Real=0.02s
[2021-04-11T21:00:36.477+0900][5409.807s] GC(8) Pause Young (Allocation Failure)
[2021-04-11T21:00:36.477+0900][5409.807s] GC(8) Using 4 workers of 4 for evacuation
[2021-04-11T21:00:36.506+0900][5409.836s] GC(8) ParNew: 109248K->21824K(109248K)
[2021-04-11T21:00:36.506+0900][5409.836s] GC(8) CMS: 4162K->18717K(393216K)
[2021-04-11T21:00:36.506+0900][5409.836s] GC(8) Metaspace: 40216K->40216K(1085440K)
[2021-04-11T21:00:36.506+0900][5409.836s] GC(8) Pause Young (Allocation Failure) 110M->39M(490M) 29.044ms
[2021-04-11T21:00:36.506+0900][5409.836s] GC(8) User=0.05s Sys=0.02s Real=0.03s
[2021-04-11T21:00:38.053+0900][5411.383s] GC(9) Pause Young (Allocation Failure)
[2021-04-11T21:00:38.053+0900][5411.383s] GC(9) Using 4 workers of 4 for evacuation
[2021-04-11T21:00:38.067+0900][5411.397s] GC(9) ParNew: 109248K->21824K(109248K)
[2021-04-11T21:00:38.067+0900][5411.397s] GC(9) CMS: 18717K->26160K(393216K)
[2021-04-11T21:00:38.067+0900][5411.397s] GC(9) Metaspace: 40333K->40333K(1085440K)
[2021-04-11T21:00:38.067+0900][5411.397s] GC(9) Pause Young (Allocation Failure) 124M->46M(490M) 13.976ms
[2021-04-11T21:00:38.067+0900][5411.397s] GC(9) User=0.06s Sys=0.00s Real=0.01s
[2021-04-11T21:00:40.082+0900][5413.412s] GC(10) Pause Initial Mark
[2021-04-11T21:00:40.088+0900][5413.418s] GC(10) Pause Initial Mark 97M->97M(490M) 6.205ms
[2021-04-11T21:00:40.088+0900][5413.418s] GC(10) User=0.06s Sys=0.00s Real=0.01s
[2021-04-11T21:00:40.088+0900][5413.418s] GC(10) Concurrent Mark
[2021-04-11T21:00:40.088+0900][5413.418s] GC(10) Using 4 workers of 4 for marking
[2021-04-11T21:00:40.102+0900][5413.432s] GC(10) Concurrent Mark 14.050ms
[2021-04-11T21:00:40.102+0900][5413.432s] GC(10) User=0.06s Sys=0.00s Real=0.02s
[2021-04-11T21:00:40.102+0900][5413.432s] GC(10) Concurrent Preclean
[2021-04-11T21:00:40.106+0900][5413.436s] GC(10) Concurrent Preclean 3.502ms
[2021-04-11T21:00:40.106+0900][5413.436s] GC(10) User=0.00s Sys=0.00s Real=0.00s
[2021-04-11T21:00:40.106+0900][5413.436s] GC(10) Concurrent Abortable Preclean
[2021-04-11T21:00:46.226+0900][5419.556s] GC(10) Concurrent Abortable Preclean 6120.376ms
[2021-04-11T21:00:46.226+0900][5419.556s] GC(10) User=1.72s Sys=0.00s Real=6.12s
[2021-04-11T21:00:46.227+0900][5419.557s] GC(10) Pause Remark
[2021-04-11T21:00:46.227+0900][5419.557s] GC(11) Pause Young (CMS Final Remark)
[2021-04-11T21:00:46.227+0900][5419.557s] GC(11) Using 4 workers of 4 for evacuation
[2021-04-11T21:00:46.237+0900][5419.567s] GC(11) ParNew: 73841K->21824K(109248K)
[2021-04-11T21:00:46.237+0900][5419.567s] GC(11) CMS: 26160K->29184K(393216K)
[2021-04-11T21:00:46.238+0900][5419.568s] GC(11) Metaspace: 41596K->41596K(1087488K)
[2021-04-11T21:00:46.238+0900][5419.568s] GC(11) Pause Young (CMS Final Remark) 97M->49M(490M) 10.949ms
[2021-04-11T21:00:46.238+0900][5419.568s] GC(11) User=0.00s Sys=0.00s Real=0.01s
[2021-04-11T21:00:46.264+0900][5419.594s] GC(10) Pause Remark 97M->49M(490M) 37.540ms
[2021-04-11T21:00:46.264+0900][5419.594s] GC(10) User=0.03s Sys=0.00s Real=0.04s
[2021-04-11T21:00:46.264+0900][5419.594s] GC(10) Concurrent Sweep
[2021-04-11T21:00:46.275+0900][5419.606s] GC(10) Concurrent Sweep 11.182ms
[2021-04-11T21:00:46.276+0900][5419.606s] GC(10) User=0.02s Sys=0.00s Real=0.01s
[2021-04-11T21:00:46.276+0900][5419.606s] GC(10) Concurrent Reset
[2021-04-11T21:00:46.280+0900][5419.610s] GC(10) Concurrent Reset 4.108ms
[2021-04-11T21:00:46.280+0900][5419.610s] GC(10) User=0.00s Sys=0.00s Real=0.00s
[2021-04-11T21:00:46.280+0900][5419.610s] GC(10) Old: 26160K->28261K(393216K)
